Function: ctor
 0: [ fun entry ctor ()                  ]: alloc {"foo": 1, "bar": 2}
 1: [ return alloc {"foo": 1, "bar": 2}; ]: alloc {"foo": 1, "bar": 2}

Function: main
 0: [ fun entry main () ; var a, b                                                                                           ]: ctor(), [4, 3, 34, 2, 21, 312, 312, 31, 321, 312, 312, 3, 1223, 12, 31, 23, 123, 1, 23, 13, 21, 312, 3, 123, 123, 1, 231]
 1: [ a = ctor();                                                                                                            ]: ctor(), [4, 3, 34, 2, 21, 312, 312, 31, 321, 312, 312, 3, 1223, 12, 31, 23, 123, 1, 23, 13, 21, 312, 3, 123, 123, 1, 231]
 2: [ b = [4, 3, 34, 2, 21, 312, 312, 31, 321, 312, 312, 3, 1223, 12, 31, 23, 123, 1, 23, 13, 21, 312, 3, 123, 123, 1, 231]; ]: * a."foo", [4, 3, 34, 2, 21, 312, 312, 31, 321, 312, 312, 3, 1223, 12, 31, 23, 123, 1, 23, 13, 21, 312, 3, 123, 123, 1, 231]
 3: [ return * a."foo";                                                                                                      ]: * a."foo"
