Function: main
 0: [ fun entry main () ; var a, b ]: 
 1: [ return a;                    ]: b = b / b;, a = a + b;
 2: [ a = 42;                      ]: a = 42;
 3: [ b = 14 + a;                  ]: a = 42;, b = 14 + a;
 4: [ a = a * b;                   ]: b = 14 + a;, a = a * b;
 5: [ b = b * 1446 / a;            ]: a = a * b;, b = b * 1446 / a;
 6: [ b = b / b;                   ]: a = a * b;, b = b / b;
 7: [ a = a + b;                   ]: b = b / b;, a = a + b;
