.text
0		CALL 3
1		PUTNUM R0
2		HALT
3		NOP
4		POP R0 # Int
5		PUSH R0
6		MOV R3, 42 # Int
7		MOV R1, R3 # Int
8		MOV R4, 14 # Int
9		ADD R4, R1 # Int
10		MOV R2, R4 # Int
11		MUL R1, R2 # Int
12		MOV R1, R1 # Int
13		MOV R5, 1446 # Int
14		MUL R2, R5 # Int
15		DIV R2, R1 # Int
16		MOV R2, R2 # Int
17		DIV R2, R2 # Int
18		MOV R2, R2 # Int
19		ADD R1, R2 # Int
20		MOV R1, R1 # Int
21		MOV R0, R1 # ◇
22		RET
