Function: main
 0: [ fun entry main () ; var a, b ]: { a -> ⊥, b -> ⊥ }
 1: [ a = 42;                      ]: { a -> 42, b -> ⊥ }
 2: [ b = 14 + a;                  ]: { a -> 42, b -> 56 }
 3: [ a = a * b;                   ]: { a -> 2352, b -> 56 }
 4: [ b = b * 1446 / a;            ]: { a -> 2352, b -> 34 }
 5: [ b = b / b;                   ]: { a -> 2352, b -> 1 }
 6: [ a = a + b;                   ]: { a -> 2353, b -> 1 }
 7: [ return a;                    ]: { a -> 2353, b -> 1 }
