.text
0		CALL 18
1		PUTNUM R0
2		HALT
3		POP R0 # Int
4		POP R1 # ◇
5		PUSH R0
6		MOV R2, 1 # Int
7		ADD R1, R2 # Int
8		MOV R0, R1 # ◇
9		RET
10		POP R0 # Int
11		POP R3 # ◇
12		PUSH R0
13		MOV R4, 42 # Int
14		PUSH R4
15		CALL R3
16		MOV R0, R0 # ◇
17		RET
18		MOV R6, 10 # ((Int) -> Int) -> Int # fun ptr
19		MOV R5, R6 # ((Int) -> Int) -> Int # fun ptr
20		MOV R7, 3 # (Int) -> Int # fun ptr
21		PUSH R7
22		CALL R5
23		MOV R0, R0 # ◇
24		RET
