.text
0		CALL 24
1		PUTNUM R0
2		HALT
3		PUSH BP
4		MOV BP, SP # ↑Int
5		SUB SP, 0 # ↑Int
6		MOV R1, [BP + 2] # {bar:Int,baz:Int,foo:Int}
7		MOV R2, [R1 + -2] # Int
8		PUTNUM R2
9		MOV R3, [BP + 2] # {bar:Int,baz:Int,foo:Int}
10		MOV R4, [R3] # Int
11		PUTNUM R4
12		MOV R5, [BP + 2] # {bar:Int,baz:Int,foo:Int}
13		MOV R6, [R5 + -1] # Int
14		PUTNUM R6
15		MOV R7, [BP + 2] # {bar:Int,baz:Int,foo:Int}
16		MOV R8, [R7 + -2] # Int
17		MOV R9, [BP + 2] # {bar:Int,baz:Int,foo:Int}
18		MOV R10, [R9 + -1] # Int
19		ADD R8, R10 # Int
20		MOV SP, BP # ↑Int
21		POP BP # ↑Int
22		MOV R0, R8 # ◇
23		RET
24		PUSH BP
25		MOV BP, SP # ↑Int
26		SUB SP, 2 # ↑Int
27		SUB SP, 3 # ↑Int
28		MOV R11, SP + 2 # ↑{bar:Int,baz:Int,foo:Int}
29		MOV R12, 2 # Int
30		MOV R13, 3 # Int
31		MOV R14, 1 # Int
32		MOV [R11], R12 # Int
33		MOV [R11 + -1], R13 # Int
34		MOV [R11 + -2], R14 # Int
35		MOV [BP + -1], R11 # {bar:Int,baz:Int,foo:Int}
36		MOV R15, [BP + -1] # {bar:Int,baz:Int,foo:Int}
37		MOV R16, [R15 + -2] # Int
38		PUTNUM R16
39		MOV R17, [BP + -1] # {bar:Int,baz:Int,foo:Int}
40		MOV R18, [R17] # Int
41		PUTNUM R18
42		MOV R19, [BP + -1] # {bar:Int,baz:Int,foo:Int}
43		MOV R20, [R19 + -1] # Int
44		PUTNUM R20
45		MOV R21, [BP + -1] # {bar:Int,baz:Int,foo:Int}
46		MOV R22, 42 # Int
47		MOV [R21 + -1], R22 # Int
48		MOV R23, [BP + -1] # {bar:Int,baz:Int,foo:Int}
49		PUSH R23
50		CALL 3
51		SUB SP, 1 # ↑Int
52		MOV [BP + -2], R0 # Int
53		MOV R24, [BP + -2] # Int
54		MOV SP, BP # ↑Int
55		POP BP # ↑Int
56		MOV R0, R24 # ◇
57		RET
